[2026-09-09T17:29:50.357396Z] Xong! Risk: 60. Mây: 3. Sét: 0
[2026-09-09T17:30:02.146732Z] Xong! Risk: 60. Mây: 3. Sét: 0
[2026-09-09T17:35:01.783807Z] Xong! Risk: 60. Mây: 3. Sét: 0
[2026-09-09T17:40:02.397217Z] Xong! Risk: 60. Mây: 3. Sét: 0
[2026-09-09T17:45:01.766333Z] Xong! Risk: 60. Mây: 2. Sét: 0
[2026-09-09T17:50:01.618675Z] Xong! Risk: 60. Mây: 2. Sét: 0
[2026-09-09T17:55:01.655744Z] Xong! Risk: 85. Mây: 2. Sét: 0
[2026-09-09T18:00:02.411878Z] Xong! Risk: 85. Mây: 1. Sét: 0
[2026-09-09T18:05:02.095675Z] Xong! Risk: 0. Mây: 0. Sét: 0
[2026-09-09T18:10:02.360524Z] Xong! Risk: 0. Mây: 0. Sét: 0
[2026-09-09T18:15:02.172941Z] Xong! Risk: 0. Mây: 0. Sét: 0
[2026-09-09T18:20:02.528511Z] Xong! Risk: 0. Mây: 0. Sét: 0
[2026-09-09T18:25:02.420444Z] Xong! Risk: 0. Mây: 0. Sét: 0
[2026-09-09T18:30:02.093598Z] Xong! Risk: 0. Mây: 0. Sét: 0
[2026-09-09T18:35:01.969368Z] Xong! Risk: 85. Mây: 1. Sét: 0
[2026-09-09T18:40:01.831927Z] Xong! Risk: 85. Mây: 1. Sét: 0
[2026-09-09T18:45:02.040072Z] Xong! Risk: 85. Mây: 1. Sét: 0
[2026-09-09T18:50:02.564557Z] Xong! Risk: 85. Mây: 1. Sét: 0
[2026-09-09T18:55:02.185571Z] Xong! Risk: 0. Mây: 0. Sét: 0
[2026-09-09T19:00:02.077079Z] Xong! Risk: 0. Mây: 0. Sét: 0
[2026-09-09T19:05:02.037430Z] Xong! Risk: 90. Mây: 1. Sét: 0
[2026-09-09T19:10:01.779166Z] Xong! Risk: 90. Mây: 1. Sét: 0
[2026-09-09T19:15:01.685140Z] Xong! Risk: 0. Mây: 0. Sét: 0
[2026-09-09T19:20:02.398192Z] Xong! Risk: 0. Mây: 0. Sét: 0
[2026-09-09T19:25:02.061322Z] Xong! Risk: 0. Mây: 0. Sét: 0
[2026-09-09T19:30:02.023591Z] Xong! Risk: 0. Mây: 0. Sét: 0
[2026-09-09T19:35:01.931720Z] Xong! Risk: 85. Mây: 1. Sét: 0
[2026-09-09T19:40:01.768893Z] Xong! Risk: 85. Mây: 1. Sét: 0
[2026-09-09T19:45:01.597919Z] Xong! Risk: 85. Mây: 2. Sét: 0
[2026-09-09T19:50:01.961937Z] Xong! Risk: 85. Mây: 2. Sét: 0
[2026-09-09T19:55:01.661450Z] Xong! Risk: 0. Mây: 0. Sét: 0
[2026-09-09T20:00:01.599856Z] Xong! Risk: 0. Mây: 0. Sét: 0
[2026-09-09T20:05:02.280172Z] Xong! Risk: 85. Mây: 1. Sét: 0
[2026-09-09T20:10:02.317242Z] Xong! Risk: 85. Mây: 1. Sét: 0
[2026-09-09T20:15:01.939001Z] Xong! Risk: 90. Mây: 1. Sét: 0
[2026-09-09T20:20:01.923341Z] Xong! Risk: 90. Mây: 1. Sét: 0
[2026-09-09T20:25:01.595680Z] Xong! Risk: 90. Mây: 1. Sét: 0
[2026-09-09T20:30:02.177498Z] Xong! Risk: 90. Mây: 1. Sét: 0
[2026-09-09T20:35:01.974826Z] Xong! Risk: 90. Mây: 1. Sét: 0
[2026-09-09T20:40:01.706816Z] Xong! Risk: 90. Mây: 1. Sét: 0
[2026-09-09T20:45:02.396775Z] Xong! Risk: 90. Mây: 1. Sét: 0
[2026-09-09T20:50:02.475374Z] Xong! Risk: 90. Mây: 1. Sét: 0
[2026-09-09T20:55:01.645801Z] Xong! Risk: 90. Mây: 1. Sét: 0
[2026-09-09T21:00:02.144498Z] Xong! Risk: 90. Mây: 1. Sét: 0
[2026-09-09T21:05:02.315669Z] Xong! Risk: 90. Mây: 1. Sét: 0
[2026-09-09T21:10:02.508145Z] Xong! Risk: 90. Mây: 1. Sét: 0
[2026-09-09T21:15:02.434944Z] Xong! Risk: 90. Mây: 1. Sét: 0
[2026-09-09T21:20:01.649680Z] Xong! Risk: 90. Mây: 1. Sét: 0
[2026-09-09T21:25:01.658537Z] Xong! Risk: 90. Mây: 1. Sét: 0
[2026-09-09T21:30:01.860309Z] Xong! Risk: 90. Mây: 1. Sét: 0
[2026-09-09T21:35:01.987780Z] Xong! Risk: 90. Mây: 3. Sét: 0
[2026-09-09T21:40:01.939887Z] Xong! Risk: 90. Mây: 3. Sét: 0
[2026-09-09T21:45:02.272300Z] Xong! Risk: 90. Mây: 1. Sét: 0
[2026-09-09T21:50:02.496817Z] Xong! Risk: 90. Mây: 1. Sét: 0
[2026-09-09T21:55:02.354186Z] Xong! Risk: 90. Mây: 2. Sét: 0
[2026-09-09T22:00:02.407155Z] Xong! Risk: 90. Mây: 2. Sét: 0
[2026-09-09T22:05:02.029444Z] Xong! Risk: 90. Mây: 3. Sét: 0
[2026-09-09T22:10:01.810229Z] Xong! Risk: 90. Mây: 3. Sét: 0
[2026-09-09T22:15:02.126725Z] Xong! Risk: 90. Mây: 1. Sét: 0
[2026-09-09T22:20:01.619391Z] Xong! Risk: 90. Mây: 1. Sét: 0
[2026-09-09T22:25:01.848268Z] Xong! Risk: 90. Mây: 2. Sét: 0
[2026-09-09T22:30:02.527073Z] Xong! Risk: 90. Mây: 2. Sét: 0
[2026-09-09T22:35:02.181058Z] Xong! Risk: 90. Mây: 1. Sét: 0
[2026-09-09T22:40:01.620426Z] Xong! Risk: 90. Mây: 1. Sét: 0
[2026-09-09T22:45:02.090780Z] Xong! Risk: 0. Mây: 0. Sét: 0
[2026-09-09T22:50:01.554934Z] Xong! Risk: 0. Mây: 0. Sét: 0
[2026-09-09T22:55:01.823295Z] Xong! Risk: 0. Mây: 0. Sét: 0
[2026-09-09T23:00:02.211827Z] Xong! Risk: 0. Mây: 0. Sét: 0
[2026-09-09T23:05:01.788952Z] Xong! Risk: 85. Mây: 3. Sét: 0
[2026-09-09T23:10:02.116983Z] Xong! Risk: 85. Mây: 3. Sét: 0
[2026-09-09T23:15:02.484055Z] Xong! Risk: 85. Mây: 1. Sét: 0
[2026-09-09T23:20:02.351433Z] Xong! Risk: 85. Mây: 1. Sét: 0
[2026-09-09T23:25:01.956269Z] Xong! Risk: 85. Mây: 1. Sét: 0
[2026-09-09T23:30:02.382852Z] Xong! Risk: 85. Mây: 1. Sét: 0
[2026-09-09T23:35:01.936226Z] Xong! Risk: 90. Mây: 1. Sét: 0
[2026-09-09T23:40:02.490557Z] Xong! Risk: 90. Mây: 1. Sét: 0
[2026-09-09T23:45:02.060151Z] Xong! Risk: 0. Mây: 0. Sét: 0
[2026-09-09T23:50:01.715073Z] Xong! Risk: 0. Mây: 0. Sét: 0
[2026-09-09T23:55:02.360830Z] Xong! Risk: 90. Mây: 1. Sét: 0
[2026-09-10T00:00:02.038507Z] Xong! Risk: 90. Mây: 1. Sét: 0
[2026-09-10T00:05:01.717671Z] Xong! Risk: 90. Mây: 1. Sét: 0
[2026-09-10T00:10:02.297427Z] Xong! Risk: 90. Mây: 1. Sét: 0
[2026-09-10T00:15:01.922281Z] Xong! Risk: 90. Mây: 2. Sét: 0
[2026-09-10T00:20:02.540652Z] Xong! Risk: 90. Mây: 2. Sét: 0
[2026-09-10T00:25:02.377996Z] Xong! Risk: 90. Mây: 1. Sét: 0
[2026-09-10T00:30:01.694290Z] Xong! Risk: 90. Mây: 1. Sét: 0
[2026-09-10T00:35:01.987968Z] Xong! Risk: 85. Mây: 1. Sét: 0
[2026-09-10T00:40:02.164962Z] Xong! Risk: 85. Mây: 1. Sét: 0
[2026-09-10T00:45:02.233836Z] Xong! Risk: 0. Mây: 0. Sét: 0
[2026-09-10T00:50:02.164791Z] Xong! Risk: 0. Mây: 0. Sét: 0
[2026-09-10T00:55:01.746971Z] Xong! Risk: 85. Mây: 1. Sét: 0
[2026-09-10T01:00:01.689774Z] Xong! Risk: 85. Mây: 1. Sét: 0
[2026-09-10T01:05:02.181340Z] Xong! Risk: 90. Mây: 1. Sét: 0
[2026-09-10T01:10:01.896027Z] Xong! Risk: 90. Mây: 1. Sét: 0
[2026-09-10T01:15:02.392342Z] Xong! Risk: 85. Mây: 1. Sét: 0
[2026-09-10T01:20:02.124263Z] Xong! Risk: 85. Mây: 1. Sét: 0
[2026-09-10T01:25:01.810251Z] Xong! Risk: 0. Mây: 0. Sét: 0
[2026-09-10T01:30:02.488220Z] Xong! Risk: 0. Mây: 0. Sét: 0
[2026-09-10T01:35:02.092304Z] Xong! Risk: 0. Mây: 0. Sét: 0
[2026-09-10T01:40:02.233149Z] Xong! Risk: 0. Mây: 0. Sét: 0
[2026-09-10T01:45:01.593138Z] Xong! Risk: 0. Mây: 0. Sét: 0
[2026-09-10T01:50:02.262996Z] Xong! Risk: 0. Mây: 0. Sét: 0
[2026-09-10T01:55:01.591421Z] Xong! Risk: 0. Mây: 0. Sét: 0
[2026-09-10T02:00:01.750345Z] Xong! Risk: 0. Mây: 0. Sét: 0
[2026-09-10T02:05:01.868173Z] Xong! Risk: 0. Mây: 0. Sét: 0
[2026-09-10T02:10:01.599714Z] Xong! Risk: 0. Mây: 0. Sét: 0
[2026-09-10T02:15:01.592984Z] Xong! Risk: 85. Mây: 1. Sét: 0
[2026-09-10T02:20:01.694294Z] Xong! Risk: 85. Mây: 1. Sét: 0
[2026-09-10T02:25:01.604570Z] Xong! Risk: 0. Mây: 0. Sét: 0
[2026-09-10T02:30:02.058950Z] Xong! Risk: 0. Mây: 0. Sét: 0
[2026-09-10T02:35:01.905772Z] Xong! Risk: 0. Mây: 0. Sét: 0
[2026-09-10T02:40:01.712994Z] Xong! Risk: 0. Mây: 0. Sét: 0
[2026-09-10T02:45:02.447732Z] Xong! Risk: 0. Mây: 0. Sét: 0
[2026-09-10T02:50:01.643871Z] Xong! Risk: 0. Mây: 0. Sét: 0
[2026-09-10T02:55:02.409353Z] Xong! Risk: 0. Mây: 0. Sét: 0
[2026-09-10T03:00:02.155725Z] Xong! Risk: 0. Mây: 0. Sét: 0
[2026-09-10T03:05:01.836642Z] Xong! Risk: 0. Mây: 0. Sét: 0
[2026-09-10T03:10:01.666093Z] Xong! Risk: 0. Mây: 0. Sét: 0
[2026-09-10T03:15:02.491675Z] Xong! Risk: 0. Mây: 0. Sét: 0
[2026-09-10T03:20:02.184308Z] Xong! Risk: 0. Mây: 0. Sét: 0
[2026-09-10T03:25:01.947111Z] Xong! Risk: 0. Mây: 0. Sét: 0
[2026-09-10T03:30:01.703494Z] Xong! Risk: 0. Mây: 0. Sét: 0
[2026-09-10T03:35:01.629741Z] Xong! Risk: 0. Mây: 0. Sét: 0
[2026-09-10T03:40:01.885292Z] Xong! Risk: 0. Mây: 0. Sét: 0
[2026-09-10T03:45:01.880154Z] Xong! Risk: 0. Mây: 0. Sét: 0
[2026-09-10T03:50:01.893406Z] Xong! Risk: 0. Mây: 0. Sét: 0
[2026-09-10T03:55:02.254515Z] Xong! Risk: 0. Mây: 0. Sét: 0
[2026-09-10T04:00:02.317927Z] Xong! Risk: 0. Mây: 0. Sét: 0
[2026-09-10T04:05:01.970223Z] Xong! Risk: 85. Mây: 1. Sét: 0
[2026-09-10T04:10:01.701691Z] Xong! Risk: 85. Mây: 1. Sét: 0
[2026-09-10T04:15:02.475097Z] Xong! Risk: 85. Mây: 1. Sét: 0
[2026-09-10T04:20:02.112184Z] Xong! Risk: 85. Mây: 1. Sét: 0
[2026-09-10T04:25:02.400001Z] Xong! Risk: 85. Mây: 1. Sét: 0
[2026-09-10T04:30:02.285198Z] Xong! Risk: 85. Mây: 1. Sét: 0
[2026-09-10T04:35:02.481402Z] Xong! Risk: 0. Mây: 0. Sét: 0
[2026-09-10T04:40:01.637121Z] Xong! Risk: 0. Mây: 0. Sét: 0
[2026-09-10T04:42:25.597367Z] Xong! Risk: 0. Mây: 0. Sét: 0
[2026-09-10T04:45:01.822276Z] Xong! Risk: 0. Mây: 0. Sét: 0
[2026-09-10T04:50:01.971955Z] Xong! Risk: 0. Mây: 0. Sét: 0
[2026-09-10T04:55:01.917882Z] Xong! Risk: 85. Mây: 1. Sét: 0
[2026-09-10T04:56:15.056121Z] Xong! Risk: 85. Mây: 1. Sét: 0
[2026-09-10T04:58:29.967853Z] Xong! Risk: 85. Mây: 1. Sét: 0
[2026-09-10T05:00:02.275640Z] Xong! Risk: 85. Mây: 1. Sét: 0
[2026-09-10T05:02:52.242451Z] Xong! Risk: 0. Mây: 0. Sét: 0
[2026-09-10T05:05:01.703564Z] Xong! Risk: 0. Mây: 0. Sét: 0
[2026-09-10T05:05:24.693804Z] Xong! Risk: 0. Mây: 0. Sét: 0
[2026-09-10T05:10:01.646261Z] Xong! Risk: 0. Mây: 0. Sét: 0
[2026-09-10T05:11:15.809198Z] Xong! Risk: 0. Mây: 0. Sét: 0
[2026-09-10T05:15:01.686721Z] Xong! Risk: 0. Mây: 0. Sét: 0
[2026-09-10T05:16:57.946616Z] Xong! Risk: 0. Mây: 0. Sét: 0
[2026-09-10T05:20:01.693529Z] Xong! Risk: 0. Mây: 0. Sét: 0
[PLI] Không tìm thấy mảng ảnh nào trong mã nguồn HTML!
[VTR] Không tìm thấy mảng ảnh nào trong mã nguồn HTML!
[2026-09-10T05:24:24.946980Z] Xong! Risk: 0. Mây: 0. Sét: 0
[PLI] Không tìm thấy mảng ảnh nào trong mã nguồn HTML!
[VTR] Không tìm thấy mảng ảnh nào trong mã nguồn HTML!
[2026-09-10T05:25:01.718428Z] Xong! Risk: 0. Mây: 0. Sét: 0
[PLI] Không tìm thấy mảng ảnh nào trong mã nguồn HTML!
[VTR] Không tìm thấy mảng ảnh nào trong mã nguồn HTML!
[2026-09-10T05:29:24.843467Z] Xong! Risk: 0. Mây: 0. Sét: 0
[PLI] Không tìm thấy mảng ảnh nào trong mã nguồn HTML!
[VTR] Không tìm thấy mảng ảnh nào trong mã nguồn HTML!
[2026-09-10T05:30:01.586278Z] Xong! Risk: 0. Mây: 0. Sét: 0
[PLI] Không tìm thấy mảng ảnh nào trong mã nguồn HTML!
[VTR] Không tìm thấy mảng ảnh nào trong mã nguồn HTML!
[2026-09-10T05:30:07.433556Z] Xong! Risk: 0. Mây: 0. Sét: 0
[PLI] Không tìm thấy mảng ảnh nào trong mã nguồn HTML!
[VTR] Không tìm thấy mảng ảnh nào trong mã nguồn HTML!
[2026-09-10T05:35:01.547473Z] Xong! Risk: 85. Mây: 1. Sét: 0
[PLI] Không tìm thấy mảng ảnh nào trong mã nguồn HTML!
[VTR] Không tìm thấy mảng ảnh nào trong mã nguồn HTML!
[2026-09-10T05:35:02.244774Z] Xong! Risk: 85. Mây: 1. Sét: 0
[PLI] TÌM THẤY LINK ẢNH: http://hymetnet.gov.vn/lightningmaps/images/cv/set11.png
Lỗi fetch Hymetnet PLI: [Errno 13] Permission denied: '/www/wwwroot/l2c.astrovn.org/public/radar_pli.png'
[VTR] TÌM THẤY LINK ẢNH: http://hymetnet.gov.vn/lightningmaps/images/cv/set11.png
Lỗi fetch Hymetnet VTR: [Errno 13] Permission denied: '/www/wwwroot/l2c.astrovn.org/public/radar_vtr.png'
[2026-09-10T05:40:01.927502Z] Xong! Risk: 85. Mây: 1. Sét: 0

--- [MÁY QUÉT TIA X PLI] TRANG WEB GIẤU LINK ---
- API ngầm bắt được: []
- Các link chứa 'radar': ['/radar/PLE', '/radar/', '>\n    <title>HYMETNET - Trung Tâm Kỹ thuật quan trắc KTTV - Radar</title>\n    <!-- font-awesome_4.7.0 -->\n\n\n\n    <link rel=', 'leaflet-top leaflet-right main_radar', '/radar/PLI', '>\n    <title>HYMETNET - Trung Tâm Kỹ thuật quan trắc KTTV - radar Phù Liễn</title>\n    <!-- font-awesome_4.7.0 -->\n\n\n\n    <link rel=', '/radar/HUE', '/radar/NHB']
- Các link chứa 'PLI': ['/js/PLI.js', ';\r\n\t\t  if (aa1.length>0){\r\n\t\t  storm[10] = JSON.parse(aa10.toString().split(', ';\r\n\t\t  if (aa3.length>0){\r\n\t\t  storm[3] = JSON.parse(aa3.toString().split(', ';\r\n\t\t  if (aa8.length>0){\r\n\t\t  storm[8] = JSON.parse(aa8.toString().split(', ';\r\n\t\t  if (aa4.length>0){\r\n\t\t  storm[4] = JSON.parse(aa4.toString().split(']
------------------------------------------------------


--- [MÁY QUÉT TIA X VTR] TRANG WEB GIẤU LINK ---
- API ngầm bắt được: []
- Các link chứa 'radar': ['/radar/PLE', '/radar/', '>\n    <title>HYMETNET - Trung Tâm Kỹ thuật quan trắc KTTV - Radar</title>\n    <!-- font-awesome_4.7.0 -->\n\n\n\n    <link rel=', 'leaflet-top leaflet-right main_radar', '/radar/PLI', '/radar/HUE', '/radar/NHB', '/radar/VTR']
- Các link chứa 'VTR': ['/js/VTR.js', '/radar/VTR']
------------------------------------------------------

[2026-09-10T05:45:02.268321Z] Xong! Risk: 0. Mây: 0. Sét: 0
[PLI] ĐÃ RÁP LINK ẢNH HOÀN CHỈNH: http://hymetnet.gov.vn/data/radar/PLI/_CMAX00.png
[PLI] Lỗi kéo ảnh - HTTP Status: 404
[VTR] ĐÃ RÁP LINK ẢNH HOÀN CHỈNH: http://hymetnet.gov.vn/data/radar/VTR/_CMAX00.png
[VTR] Lỗi kéo ảnh - HTTP Status: 404
[2026-09-10T05:50:01.728431Z] Xong! Risk: 0. Mây: 0. Sét: 0
[PLI] Lỗi! Không đọc được mảng thời gian trong file PLI.js!
[VTR] Lỗi! Không đọc được mảng thời gian trong file VTR.js!
[2026-09-10T05:55:02.275146Z] Xong! Risk: 90. Mây: 1. Sét: 0
[PLI] Thử quét thư mục gốc: http://hymetnet.gov.vn/data/radar/PLI/
[PLI] Thư mục bị khóa! Kích hoạt Radar dò mìn theo mốc thời gian...
[PLI] ❌ Bó tay! Đã dò 3 tiếng lùi thời gian mà không có ảnh nào tồn tại.
[VTR] Thử quét thư mục gốc: http://hymetnet.gov.vn/data/radar/VTR/
[VTR] Thư mục bị khóa! Kích hoạt Radar dò mìn theo mốc thời gian...
[VTR] ❌ Bó tay! Đã dò 3 tiếng lùi thời gian mà không có ảnh nào tồn tại.
[2026-09-10T06:00:02.097465Z] Xong! Risk: 90. Mây: 1. Sét: 0
[PLI] Truy cập căn cứ bí mật: http://hymetnet.gov.vn/dataout_web/PLI/
[PLI] ❌ Quét cạn 2 tiếng không thấy ảnh trong /dataout_web/!
[VTR] Truy cập căn cứ bí mật: http://hymetnet.gov.vn/dataout_web/VTR/
[VTR] ❌ Quét cạn 2 tiếng không thấy ảnh trong /dataout_web/!
[2026-09-10T06:05:02.157492Z] Xong! Risk: 90. Mây: 2. Sét: 0
[PLI] Kích hoạt máy quét vét cạn ngày 20260910...
[PLI] ❌ Máy quét vét cạn đã rà soát toàn bộ khung giờ trong ngày nhưng chưa tìm thấy file ảnh khớp.
[VTR] Kích hoạt máy quét vét cạn ngày 20260910...
[VTR] ❌ Máy quét vét cạn đã rà soát toàn bộ khung giờ trong ngày nhưng chưa tìm thấy file ảnh khớp.
[2026-09-10T06:10:01.895666Z] Xong! Risk: 90. Mây: 2. Sét: 0

--- [TRÍCH XUẤT MÃ NGUỒN PLI.JS] ---
L.tileLayer( 'http://khituongvietnam.gov.vn/mapvn/map/{z}/{x}/{y}.png', {
addData: function (data) {
if (data.type === "Topology") {
for (key in data.objects) {
if (data.objects.hasOwnProperty(key)) {
geojson = topojson.feature(data, data.objects[key]);
L.GeoJSON.prototype.addData.call(this, geojson);
L.GeoJSON.prototype.addData.call(this, data);
L.topoJson = function (data, options) {
return new L.TopoJSON(data, options);
//define a function to get and parse geojson from URL
async function getGeoData(url) {
let response = await fetch(url);
let data = await response.json();
return data;
getGeoData('/duongtinhASIAN_cavung.json').then(data => geojson.addData(data));
var linkrd = '/dataout_web/PLI/'+tentimesett[viewModel.index_active()].substring(0,8)+'/PLI_'+tentimesett[viewModel.index_active()]+'_CMAX00.png';
var img = new L.imageOverlay(linkrd, imageBounds,{opacity: viewModel.rangeValue(), autoZIndex: true});
//img.addTo(map);
//$(img._image).fadeIn(5000);
allmarkers.addLayer(img);
$("img[src='"+linkrd+"']").addClass('rd');
tenanh.push('/dataout_web/PLI/'+tentimesett[iii].substring(0,8)+'/PLI_'+tentimesett[iii]+'_CMAX00.png');
var image_url = new Array();
function cached(url){
var test = document.createElement("img");
test.src = url;
var img = new L.imageOverlay(image, imageBounds,{opacity: viewModel.rangeValue(), autoZIndex: true});
allmarkers.addLayer(img);
$("img[src='"+image+"']").addClass('rd');
var base_url = "http://amo.gov.vn" + tenanh[iii]
if(cached(base_url) == true){
images[i].src = image_url[i];
--------------------------------------------


--- [TRÍCH XUẤT MÃ NGUỒN VTR.JS] ---
L.tileLayer( 'http://khituongvietnam.gov.vn/mapvn/map/{z}/{x}/{y}.png', {
addData: function (data) {
if (data.type === "Topology") {
for (key in data.objects) {
if (data.objects.hasOwnProperty(key)) {
geojson = topojson.feature(data, data.objects[key]);
L.GeoJSON.prototype.addData.call(this, geojson);
L.GeoJSON.prototype.addData.call(this, data);
L.topoJson = function (data, options) {
return new L.TopoJSON(data, options);
//define a function to get and parse geojson from URL
async function getGeoData(url) {
let response = await fetch(url);
let data = await response.json();
return data;
getGeoData('/duongtinhASIAN_cavung.json').then(data => geojson.addData(data))
var linkrd = '/dataout_web/VTR/'+tentimesett[active].substring(0,8)+'/VTR_'+tentimesett[active]+'_CMAX00.png';
var img = new L.imageOverlay(linkrd, imageBounds,{opacity: viewModel.rangeValue(), autoZIndex: true});
//img.addTo(map);
//$(img._image).fadeIn(5000);
allmarkers.addLayer(img);
$("img[src='"+linkrd+"']").addClass('rd');
tenanh.push('/dataout_web/VTR/'+tentimesett[iii].substring(0,8)+'/VTR_'+tentimesett[iii]+'_CMAX00.png');
var image_url = new Array();
function cached(url){
var test = document.createElement("img");
test.src = url;
var img = new L.imageOverlay(image, imageBounds,{opacity: viewModel.rangeValue(), autoZIndex: true});
allmarkers.addLayer(img);
$("img[src='"+image+"']").addClass('rd');
var base_url = "http://amo.gov.vn" + tenanh[iii]
if(cached(base_url) == true){
images[i].src = image_url[i];
--------------------------------------------

[2026-09-10T06:20:02.188912Z] Xong! Risk: 90. Mây: 2. Sét: 0
[PLI] Quét cấu trúc chuẩn /dataout_web/PLI/...
[PLI] ❌ Không tìm thấy link ảnh sống trong 3 tiếng gần nhất.
[VTR] Quét cấu trúc chuẩn /dataout_web/VTR/...
[VTR] ❌ Không tìm thấy link ảnh sống trong 3 tiếng gần nhất.
[2026-09-10T06:25:02.325687Z] Xong! Risk: 90. Mây: 1. Sét: 0
[PLI] Kích hoạt máy quét vét cạn ngày 20260910...
[PLI] ❌ Máy quét vét cạn đã rà soát toàn bộ khung giờ trong ngày nhưng chưa tìm thấy file ảnh khớp.
[VTR] Kích hoạt máy quét vét cạn ngày 20260910...
[VTR] ❌ Máy quét vét cạn đã rà soát toàn bộ khung giờ trong ngày nhưng chưa tìm thấy file ảnh khớp.
[2026-09-10T06:15:02.223842Z] Xong! Risk: 90. Mây: 2. Sét: 0
[PLI] Quét cấu trúc chuẩn theo giờ UTC /dataout_web/PLI/...
[PLI] 🎯 TÓM GỌN LINK ẢNH CHUẨN (UTC): http://hymetnet.gov.vn/dataout_web/PLI/20260910/PLI_202609100620_CMAX00.png
Lỗi fetch Hymetnet PLI: [Errno 13] Permission denied: '/www/wwwroot/l2c.astrovn.org/public/radar_pli.png'
[VTR] Quét cấu trúc chuẩn theo giờ UTC /dataout_web/VTR/...
[VTR] 🎯 TÓM GỌN LINK ẢNH CHUẨN (UTC): http://hymetnet.gov.vn/dataout_web/VTR/20260910/VTR_202609100620_CMAX00.png
Lỗi fetch Hymetnet VTR: [Errno 13] Permission denied: '/www/wwwroot/l2c.astrovn.org/public/radar_vtr.png'
[2026-09-10T06:30:01.574354Z] Xong! Risk: 90. Mây: 1. Sét: 0
[PLI] Quét cấu trúc chuẩn theo giờ UTC /dataout_web/PLI/...
[PLI] 🎯 TÓM GỌN LINK ẢNH CHUẨN (UTC): http://hymetnet.gov.vn/dataout_web/PLI/20260910/PLI_202609100630_CMAX00.png
Lỗi fetch Hymetnet PLI: [Errno 13] Permission denied: '/www/wwwroot/l2c.astrovn.org/public/radar_pli.png'
[VTR] Quét cấu trúc chuẩn theo giờ UTC /dataout_web/VTR/...
[VTR] 🎯 TÓM GỌN LINK ẢNH CHUẨN (UTC): http://hymetnet.gov.vn/dataout_web/VTR/20260910/VTR_202609100630_CMAX00.png
Lỗi fetch Hymetnet VTR: [Errno 13] Permission denied: '/www/wwwroot/l2c.astrovn.org/public/radar_vtr.png'
[2026-09-10T06:35:01.758180Z] Xong! Risk: 90. Mây: 1. Sét: 0
[PLI] Quét cấu trúc chuẩn theo giờ UTC /dataout_web/PLI/...
[PLI] 🎯 TÓM GỌN LINK ẢNH CHUẨN (UTC): http://hymetnet.gov.vn/dataout_web/PLI/20260910/PLI_202609100630_CMAX00.png
Lỗi fetch Hymetnet PLI: [Errno 13] Permission denied: '/www/wwwroot/l2c.astrovn.org/public/radar_pli.png'
[VTR] Quét cấu trúc chuẩn theo giờ UTC /dataout_web/VTR/...
[VTR] 🎯 TÓM GỌN LINK ẢNH CHUẨN (UTC): http://hymetnet.gov.vn/dataout_web/VTR/20260910/VTR_202609100630_CMAX00.png
Lỗi fetch Hymetnet VTR: [Errno 13] Permission denied: '/www/wwwroot/l2c.astrovn.org/public/radar_vtr.png'
[2026-09-10T06:40:02.299611Z] Xong! Risk: 90. Mây: 1. Sét: 0
[PLI] Quét cấu trúc chuẩn theo giờ UTC /dataout_web/PLI/...
[PLI] 🎯 TÓM GỌN LINK ẢNH CHUẨN (UTC): http://hymetnet.gov.vn/dataout_web/PLI/20260910/PLI_202609100640_CMAX00.png
Lỗi fetch Hymetnet PLI: [Errno 13] Permission denied: '/www/wwwroot/l2c.astrovn.org/public/radar_pli.png'
[VTR] Quét cấu trúc chuẩn theo giờ UTC /dataout_web/VTR/...
[VTR] 🎯 TÓM GỌN LINK ẢNH CHUẨN (UTC): http://hymetnet.gov.vn/dataout_web/VTR/20260910/VTR_202609100640_CMAX00.png
Lỗi fetch Hymetnet VTR: [Errno 13] Permission denied: '/www/wwwroot/l2c.astrovn.org/public/radar_vtr.png'
[2026-09-10T06:45:01.717382Z] Xong! Risk: 90. Mây: 2. Sét: 0
[PLI] Quét cấu trúc chuẩn theo giờ UTC /dataout_web/PLI/...
[PLI] 🎯 TÓM GỌN LINK ẢNH CHUẨN (UTC): http://hymetnet.gov.vn/dataout_web/PLI/20260910/PLI_202609100640_CMAX00.png
[PLI] TẢI XONG ẢNH VÀO PUBLIC: radar_pli.png
[VTR] Quét cấu trúc chuẩn theo giờ UTC /dataout_web/VTR/...
[VTR] 🎯 TÓM GỌN LINK ẢNH CHUẨN (UTC): http://hymetnet.gov.vn/dataout_web/VTR/20260910/VTR_202609100640_CMAX00.png
[VTR] TẢI XONG ẢNH VÀO PUBLIC: radar_vtr.png
[2026-09-10T06:45:36.374920Z] Xong! Risk: 90. Mây: 2. Sét: 0
